     1                                  ; Assembler 32bit template
     2                                  
     3                                  bits 32
     4                                  section .data
     5                                  ;variables with values go here
     6 00000000 48656C6C6F<rept>        var2 TIMES 20 db "Hello"
     7                                  
     8 00000064 0A141E2832              list		db	10, 20, 30, 40, 50	;array of bytes
     9                                  LIST_SIZE 	equ 	($-list)		;'$' references the current address
    10                                  
    11                                  section .bss
    12                                  ;reserved memory goes here
    13 00000000 <res 00000064>          varRes TIMES 20 resb 5
    14                                  
    15                                  section .text
    16                                  ;Your program code goes here
    17                                  
    18                                  	global _start
    19                                  _start:
    20 00000000 90                          nop
    21                                  	
    22                                  	;Your program code should go here
    23                                  	
    24                                  	;Do not remove/change the lines below here.
    25                                  	;These exit out of the application and back
    26                                  	;to linux in an orderly fashion
    27 00000001 90                      	nop
    28 00000002 B801000000              	mov eax,1      ; Exit system call value
    29 00000007 BB00000000              	mov ebx,0      ; Exit return code
    30 0000000C CD80                    	int 80h        ; Call the kernel
